[mint-ezek.art/index.html]
[mint-ezek.art/assets/css/xmain.css]
[backblue.gif]
[fade.gif]
[index.html]
[mint-ezek.art/static/avatar-91734dfb5c047d96d7607b522a6d1d27.png]
[mint-ezek.art/static/music_bg-6e5613c58b85ae7c3c448d004e0c1068.svg]
[mint-ezek.art/static/bear-b1bb1c2a3ae3ec1d0cf19ef6379a524d.png]
[mint-ezek.art/static/contentBk-6bb669f15a5ff7437537e6481af9b19e.png]
[mint-ezek.art/static/bearIcon-c3e1fb9fb014288f467071aea07f9b77.svg]
[mint-ezek.art/static/borderBottom-1528d034fe6a6b210216ab4870fd8392.png]
[mint-ezek.art/static/borderBottom@2x-95f517e71953f3b16f99ab4c473c0346.png]
[mint-ezek.art/static/countDownBg-1ddcd927d79461ea666d3eb1be7d3f01.png]
[mint-ezek.art/static/countDownBg@4x-23a29e3587a66bc9ae6bf7d27ab5c7d3.png]
[mint-ezek.art/static/bannerBackgroundMobile-e8895dee5322c7ec210ab2f6b0267201.png]
[mint-ezek.art/static/bannerBackgroundMobile@2x-037a9393e831c2753692544dfe649e1b.png]
[mint-ezek.art/static/pcFooterBear-af7549b79d7e0ddff8ce0806a0201544.png]
[mint-ezek.art/static/left-a3373f6f07397f7db8e3732d1a5dc3ab.svg]
[mint-ezek.art/static/right-b6b13bc701416af252046c46084ae349.svg]
[mint-ezek.art/favicon-32x32.png]
[mint-ezek.art/assets/css/clear.css]
[mint-ezek.art/assets/css/style321.css]
[mint-ezek.art/gif.gif]
[mint-ezek.art/static/cap-d1aa84be6aa0b6f598e5bb6e36eaa597.png]
[mint-ezek.art/static/headerWaistPack-c9d7832172ee6679eedb8930f0ab54ca.png]
[mint-ezek.art/static/star-29343e34cfef8ad4ac3c7a2fcebedc06.png]
[d1kjtx52rxv2sn.cloudfront.net/website/images/buy_get/SET_07.jpg]
[d1kjtx52rxv2sn.cloudfront.net/website/images/buy_get/SET_08.jpg]
[d1kjtx52rxv2sn.cloudfront.net/website/images/buy_get/SET_09.jpg]
[d1kjtx52rxv2sn.cloudfront.net/website/images/buy_get/SET_10.jpg]
[d1kjtx52rxv2sn.cloudfront.net/website/images/buy_get/SET_01.jpg]
[d1kjtx52rxv2sn.cloudfront.net/website/images/buy_get/SET_02.jpg]
[d1kjtx52rxv2sn.cloudfront.net/website/images/buy_get/SET_03.jpg]
[d1kjtx52rxv2sn.cloudfront.net/website/images/buy_get/SET_04.jpg]
[d1kjtx52rxv2sn.cloudfront.net/website/images/buy_get/SET_05.jpg]
[d1kjtx52rxv2sn.cloudfront.net/website/images/buy_get/SET_06.jpg]
[mint-ezek.art/static/waistPack-fa49085eb21eb8fae2cccb8530235c73.png]
[mint-ezek.art/static/9ffea117aa714f08ae618873399ff81f/e8928/logo.png]
[cdnjs.cloudflare.com/ajax/libs/web3/1.5.2/web3.min.js]
[mint-ezek.art/script.js]
[mint-ezek.art/index.html]
[images.prismic.io/ivy-site/9304f381-6b92-4583-b1f8-d2a64b21f11d_109436.png]
[images.prismic.io/ivy-site/a7894f8c-2b4b-4456-8639-2e372fcbec5e_259436.png]
[images.prismic.io/ivy-site/3d8d9631-f571-406d-b2f5-ad22cabc9c33_509436.png]
[images.prismic.io/ivy-site/16515fc7-e530-4456-b61e-e1b1b1a490fa_759436.png]
[images.prismic.io/ivy-site/b450d286-c7f6-485b-b871-d2535a2ea4b5_1009436.png]
[mint-ezek.art/assets/css/xmain.css]
[mint-ezek.art/static/music_bg-6e5613c58b85ae7c3c448d004e0c1068.svg]
[mint-ezek.art/static/bearIcon-c3e1fb9fb014288f467071aea07f9b77.svg]
[mint-ezek.art/static/left-a3373f6f07397f7db8e3732d1a5dc3ab.svg]
[mint-ezek.art/static/right-b6b13bc701416af252046c46084ae349.svg]
[mint-ezek.art/icons/icon-48x4811a9.html]
[mint-ezek.art/icons/icon-72x7211a9.html]
[mint-ezek.art/icons/icon-96x9611a9.html]
[mint-ezek.art/icons/icon-144x14411a9.html]
[mint-ezek.art/icons/icon-192x19211a9.html]
[mint-ezek.art/icons/icon-256x25611a9.html]
[mint-ezek.art/icons/icon-384x38411a9.html]
[mint-ezek.art/icons/icon-512x51211a9.html]
[global-uploads.webflow.com/615cc4db192f5e50c7edc47d/615cc4db192f5eb28dedc51f_new-twinkle.gif]
[mint-ezek.art/assets/css/clear.css]
[mint-ezek.art/assets/css/style321.css]
[mint-ezek.art/products.html]
[mint-ezek.art/buy.html]
[mint-ezek.art/buy/index.html]
[mint-ezek.art/about.html]
[mint-ezek.art/assets/media/HeroImage.7d0112b0.html]
